// Jest Snapshot v1, https://goo.gl/fbAQLP

exports[`components/CardSubtitle can have children 1`] = `
<h2
  className="mdc-card__subtitle"
>
  Children are here!
</h2>
`;
