// Jest Snapshot v1, https://goo.gl/fbAQLP

exports[`toolbar/Row can render children 1`] = `
<div
  className="mdc-toolbar__row"
>
  Children are here!
</div>
`;
