// Jest Snapshot v1, https://goo.gl/fbAQLP

exports[`components/Content can be fixed 1`] = `
<div
  className="rmdc-content rmdc-content-fixed-adjust"
/>
`;

exports[`components/Content can render children 1`] = `
<div
  className="rmdc-content rmdc-content-height"
>
  Children are here!
</div>
`;
