// Jest Snapshot v1, https://goo.gl/fbAQLP

exports[`components/Icon renders correctly 1`] = `
<i
  className="material-icons"
>
  foo
</i>
`;
