// Jest Snapshot v1, https://goo.gl/fbAQLP

exports[`demos/components/property renders itself correctly 1`] = `null`;

exports[`demos/components/property renders itself correctly 2`] = `
Array [
  <div
    className="mdc-layout-grid"
  >
    <div
      className="mdc-layout-grid__inner"
    >
      <div
        className="mdc-layout-grid__cell"
        style={
          Object {
            "fontSize": "20px",
            "fontWeight": "bold",
          }
        }
      >
        Card Properties
      </div>
    </div>
    <div
      className="mdc-layout-grid__inner"
    >
      <div
        className="mdc-layout-grid__cell"
      >
        Name
      </div>
      <div
        className="mdc-layout-grid__cell"
      >
        Default
      </div>
      <div
        className="mdc-layout-grid__cell"
      >
        Type
      </div>
    </div>
    <div
      className="mdc-layout-grid__inner"
      style={
        Object {
          "borderBottom": "solid black 1px",
          "marginBottom": "16px",
          "paddingTop": "5px",
        }
      }
    >
      <div
        className="mdc-layout-grid__cell"
      >
        mdcElement
      </div>
      <div
        className="mdc-layout-grid__cell"
      >
        MDC_CARD
      </div>
      <div
        className="mdc-layout-grid__cell"
      >
        string
      </div>
    </div>
    <div
      className="mdc-layout-grid__inner"
      style={
        Object {
          "borderBottom": "solid black 1px",
          "marginBottom": "16px",
          "paddingTop": "5px",
        }
      }
    >
      <div
        className="mdc-layout-grid__cell"
      >
        children
      </div>
      <div
        className="mdc-layout-grid__cell"
      >
        null
      </div>
      <div
        className="mdc-layout-grid__cell"
      >
        node
      </div>
    </div>
    <div
      className="mdc-layout-grid__inner"
      style={
        Object {
          "borderBottom": "solid black 1px",
          "marginBottom": "16px",
          "paddingTop": "5px",
        }
      }
    >
      <div
        className="mdc-layout-grid__cell"
      >
        title
      </div>
      <div
        className="mdc-layout-grid__cell"
      >
        null
      </div>
      <div
        className="mdc-layout-grid__cell"
      >
        string
      </div>
    </div>
    <div
      className="mdc-layout-grid__inner"
      style={
        Object {
          "borderBottom": "solid black 1px",
          "marginBottom": "16px",
          "paddingTop": "5px",
        }
      }
    >
      <div
        className="mdc-layout-grid__cell"
      >
        subtitle
      </div>
      <div
        className="mdc-layout-grid__cell"
      >
        null
      </div>
      <div
        className="mdc-layout-grid__cell"
      >
        largeTitle
      </div>
    </div>
    <div
      className="mdc-layout-grid__inner"
      style={
        Object {
          "borderBottom": "solid black 1px",
          "marginBottom": "16px",
          "paddingTop": "5px",
        }
      }
    >
      <div
        className="mdc-layout-grid__cell"
      >
        horizontalBlock
      </div>
      <div
        className="mdc-layout-grid__cell"
      >
        false
      </div>
      <div
        className="mdc-layout-grid__cell"
      >
        bool
      </div>
    </div>
  </div>,
  <div
    className="mdc-layout-grid"
  >
    <div
      className="mdc-layout-grid__inner"
    >
      <div
        className="mdc-layout-grid__cell"
        style={
          Object {
            "fontSize": "20px",
            "fontWeight": "bold",
          }
        }
      >
        Card Actions Properties
      </div>
    </div>
    <div
      className="mdc-layout-grid__inner"
    >
      <div
        className="mdc-layout-grid__cell"
      >
        Name
      </div>
      <div
        className="mdc-layout-grid__cell"
      >
        Default
      </div>
      <div
        className="mdc-layout-grid__cell"
      >
        Type
      </div>
    </div>
    <div
      className="mdc-layout-grid__inner"
      style={
        Object {
          "borderBottom": "solid black 1px",
          "marginBottom": "16px",
          "paddingTop": "5px",
        }
      }
    >
      <div
        className="mdc-layout-grid__cell"
      >
        mdcElement
      </div>
      <div
        className="mdc-layout-grid__cell"
      >
        MDC_CARD_ACTIONS
      </div>
      <div
        className="mdc-layout-grid__cell"
      >
        string
      </div>
    </div>
    <div
      className="mdc-layout-grid__inner"
      style={
        Object {
          "borderBottom": "solid black 1px",
          "marginBottom": "16px",
          "paddingTop": "5px",
        }
      }
    >
      <div
        className="mdc-layout-grid__cell"
      >
        children
      </div>
      <div
        className="mdc-layout-grid__cell"
      >
        null
      </div>
      <div
        className="mdc-layout-grid__cell"
      >
        node
      </div>
    </div>
    <div
      className="mdc-layout-grid__inner"
      style={
        Object {
          "borderBottom": "solid black 1px",
          "marginBottom": "16px",
          "paddingTop": "5px",
        }
      }
    >
      <div
        className="mdc-layout-grid__cell"
      >
        vertical
      </div>
      <div
        className="mdc-layout-grid__cell"
      >
        false
      </div>
      <div
        className="mdc-layout-grid__cell"
      >
        bool
      </div>
    </div>
  </div>,
  <div
    className="mdc-layout-grid"
  >
    <div
      className="mdc-layout-grid__inner"
    >
      <div
        className="mdc-layout-grid__cell"
        style={
          Object {
            "fontSize": "20px",
            "fontWeight": "bold",
          }
        }
      >
        Card Title Properties
      </div>
    </div>
    <div
      className="mdc-layout-grid__inner"
    >
      <div
        className="mdc-layout-grid__cell"
      >
        Name
      </div>
      <div
        className="mdc-layout-grid__cell"
      >
        Default
      </div>
      <div
        className="mdc-layout-grid__cell"
      >
        Type
      </div>
    </div>
    <div
      className="mdc-layout-grid__inner"
      style={
        Object {
          "borderBottom": "solid black 1px",
          "marginBottom": "16px",
          "paddingTop": "5px",
        }
      }
    >
      <div
        className="mdc-layout-grid__cell"
      >
        mdcElement
      </div>
      <div
        className="mdc-layout-grid__cell"
      >
        MDC_CARD_TITLE
      </div>
      <div
        className="mdc-layout-grid__cell"
      >
        string
      </div>
    </div>
    <div
      className="mdc-layout-grid__inner"
      style={
        Object {
          "borderBottom": "solid black 1px",
          "marginBottom": "16px",
          "paddingTop": "5px",
        }
      }
    >
      <div
        className="mdc-layout-grid__cell"
      >
        children
      </div>
      <div
        className="mdc-layout-grid__cell"
      >
        null
      </div>
      <div
        className="mdc-layout-grid__cell"
      >
        node
      </div>
    </div>
    <div
      className="mdc-layout-grid__inner"
      style={
        Object {
          "borderBottom": "solid black 1px",
          "marginBottom": "16px",
          "paddingTop": "5px",
        }
      }
    >
      <div
        className="mdc-layout-grid__cell"
      >
        large
      </div>
      <div
        className="mdc-layout-grid__cell"
      >
        false
      </div>
      <div
        className="mdc-layout-grid__cell"
      >
        bool
      </div>
    </div>
  </div>,
  <div
    className="mdc-layout-grid"
  >
    <div
      className="mdc-layout-grid__inner"
    >
      <div
        className="mdc-layout-grid__cell"
        style={
          Object {
            "fontSize": "20px",
            "fontWeight": "bold",
          }
        }
      >
        Card Subtitle Properties
      </div>
    </div>
    <div
      className="mdc-layout-grid__inner"
    >
      <div
        className="mdc-layout-grid__cell"
      >
        Name
      </div>
      <div
        className="mdc-layout-grid__cell"
      >
        Default
      </div>
      <div
        className="mdc-layout-grid__cell"
      >
        Type
      </div>
    </div>
    <div
      className="mdc-layout-grid__inner"
      style={
        Object {
          "borderBottom": "solid black 1px",
          "marginBottom": "16px",
          "paddingTop": "5px",
        }
      }
    >
      <div
        className="mdc-layout-grid__cell"
      >
        mdcElement
      </div>
      <div
        className="mdc-layout-grid__cell"
      >
        MDC_CARD_SUBTITLE
      </div>
      <div
        className="mdc-layout-grid__cell"
      >
        string
      </div>
    </div>
    <div
      className="mdc-layout-grid__inner"
      style={
        Object {
          "borderBottom": "solid black 1px",
          "marginBottom": "16px",
          "paddingTop": "5px",
        }
      }
    >
      <div
        className="mdc-layout-grid__cell"
      >
        children
      </div>
      <div
        className="mdc-layout-grid__cell"
      >
        null
      </div>
      <div
        className="mdc-layout-grid__cell"
      >
        node
      </div>
    </div>
  </div>,
  <div
    className="mdc-layout-grid"
  >
    <div
      className="mdc-layout-grid__inner"
    >
      <div
        className="mdc-layout-grid__cell"
        style={
          Object {
            "fontSize": "20px",
            "fontWeight": "bold",
          }
        }
      >
        Card Media Properties
      </div>
    </div>
    <div
      className="mdc-layout-grid__inner"
    >
      <div
        className="mdc-layout-grid__cell"
      >
        Name
      </div>
      <div
        className="mdc-layout-grid__cell"
      >
        Default
      </div>
      <div
        className="mdc-layout-grid__cell"
      >
        Type
      </div>
    </div>
    <div
      className="mdc-layout-grid__inner"
      style={
        Object {
          "borderBottom": "solid black 1px",
          "marginBottom": "16px",
          "paddingTop": "5px",
        }
      }
    >
      <div
        className="mdc-layout-grid__cell"
      >
        mdcElement
      </div>
      <div
        className="mdc-layout-grid__cell"
      >
        MDC_CARD_MEDIA
      </div>
      <div
        className="mdc-layout-grid__cell"
      >
        string
      </div>
    </div>
    <div
      className="mdc-layout-grid__inner"
      style={
        Object {
          "borderBottom": "solid black 1px",
          "marginBottom": "16px",
          "paddingTop": "5px",
        }
      }
    >
      <div
        className="mdc-layout-grid__cell"
      >
        children
      </div>
      <div
        className="mdc-layout-grid__cell"
      >
        null
      </div>
      <div
        className="mdc-layout-grid__cell"
      >
        node
      </div>
    </div>
    <div
      className="mdc-layout-grid__inner"
      style={
        Object {
          "borderBottom": "solid black 1px",
          "marginBottom": "16px",
          "paddingTop": "5px",
        }
      }
    >
      <div
        className="mdc-layout-grid__cell"
      >
        title
      </div>
      <div
        className="mdc-layout-grid__cell"
      >
        null
      </div>
      <div
        className="mdc-layout-grid__cell"
      >
        string
      </div>
    </div>
    <div
      className="mdc-layout-grid__inner"
      style={
        Object {
          "borderBottom": "solid black 1px",
          "marginBottom": "16px",
          "paddingTop": "5px",
        }
      }
    >
      <div
        className="mdc-layout-grid__cell"
      >
        subTitle
      </div>
      <div
        className="mdc-layout-grid__cell"
      >
        null
      </div>
      <div
        className="mdc-layout-grid__cell"
      >
        string
      </div>
    </div>
    <div
      className="mdc-layout-grid__inner"
      style={
        Object {
          "borderBottom": "solid black 1px",
          "marginBottom": "16px",
          "paddingTop": "5px",
        }
      }
    >
      <div
        className="mdc-layout-grid__cell"
      >
        largeTitle
      </div>
      <div
        className="mdc-layout-grid__cell"
      >
        false
      </div>
      <div
        className="mdc-layout-grid__cell"
      >
        bool
      </div>
    </div>
    <div
      className="mdc-layout-grid__inner"
      style={
        Object {
          "borderBottom": "solid black 1px",
          "marginBottom": "16px",
          "paddingTop": "5px",
        }
      }
    >
      <div
        className="mdc-layout-grid__cell"
      >
        horizontalBlock
      </div>
      <div
        className="mdc-layout-grid__cell"
      >
        false
      </div>
      <div
        className="mdc-layout-grid__cell"
      >
        bool
      </div>
    </div>
  </div>,
  <div
    className="mdc-layout-grid"
  >
    <div
      className="mdc-layout-grid__inner"
    >
      <div
        className="mdc-layout-grid__cell"
        style={
          Object {
            "fontSize": "20px",
            "fontWeight": "bold",
          }
        }
      >
        Card Text Properties
      </div>
    </div>
    <div
      className="mdc-layout-grid__inner"
    >
      <div
        className="mdc-layout-grid__cell"
      >
        Name
      </div>
      <div
        className="mdc-layout-grid__cell"
      >
        Default
      </div>
      <div
        className="mdc-layout-grid__cell"
      >
        Type
      </div>
    </div>
    <div
      className="mdc-layout-grid__inner"
      style={
        Object {
          "borderBottom": "solid black 1px",
          "marginBottom": "16px",
          "paddingTop": "5px",
        }
      }
    >
      <div
        className="mdc-layout-grid__cell"
      >
        mdcElement
      </div>
      <div
        className="mdc-layout-grid__cell"
      >
        MDC_CARD_TEXT
      </div>
      <div
        className="mdc-layout-grid__cell"
      >
        string
      </div>
    </div>
    <div
      className="mdc-layout-grid__inner"
      style={
        Object {
          "borderBottom": "solid black 1px",
          "marginBottom": "16px",
          "paddingTop": "5px",
        }
      }
    >
      <div
        className="mdc-layout-grid__cell"
      >
        children
      </div>
      <div
        className="mdc-layout-grid__cell"
      >
        null
      </div>
      <div
        className="mdc-layout-grid__cell"
      >
        node
      </div>
    </div>
  </div>,
  <div
    className="mdc-layout-grid"
  >
    <div
      className="mdc-layout-grid__inner"
    >
      <div
        className="mdc-layout-grid__cell"
        style={
          Object {
            "fontSize": "20px",
            "fontWeight": "bold",
          }
        }
      >
        Card Primary Properties
      </div>
    </div>
    <div
      className="mdc-layout-grid__inner"
    >
      <div
        className="mdc-layout-grid__cell"
      >
        Name
      </div>
      <div
        className="mdc-layout-grid__cell"
      >
        Default
      </div>
      <div
        className="mdc-layout-grid__cell"
      >
        Type
      </div>
    </div>
    <div
      className="mdc-layout-grid__inner"
      style={
        Object {
          "borderBottom": "solid black 1px",
          "marginBottom": "16px",
          "paddingTop": "5px",
        }
      }
    >
      <div
        className="mdc-layout-grid__cell"
      >
        mdcElement
      </div>
      <div
        className="mdc-layout-grid__cell"
      >
        MDC_CARD_PRIMARY
      </div>
      <div
        className="mdc-layout-grid__cell"
      >
        string
      </div>
    </div>
    <div
      className="mdc-layout-grid__inner"
      style={
        Object {
          "borderBottom": "solid black 1px",
          "marginBottom": "16px",
          "paddingTop": "5px",
        }
      }
    >
      <div
        className="mdc-layout-grid__cell"
      >
        children
      </div>
      <div
        className="mdc-layout-grid__cell"
      >
        null
      </div>
      <div
        className="mdc-layout-grid__cell"
      >
        node
      </div>
    </div>
    <div
      className="mdc-layout-grid__inner"
      style={
        Object {
          "borderBottom": "solid black 1px",
          "marginBottom": "16px",
          "paddingTop": "5px",
        }
      }
    >
      <div
        className="mdc-layout-grid__cell"
      >
        title
      </div>
      <div
        className="mdc-layout-grid__cell"
      >
        null
      </div>
      <div
        className="mdc-layout-grid__cell"
      >
        string
      </div>
    </div>
    <div
      className="mdc-layout-grid__inner"
      style={
        Object {
          "borderBottom": "solid black 1px",
          "marginBottom": "16px",
          "paddingTop": "5px",
        }
      }
    >
      <div
        className="mdc-layout-grid__cell"
      >
        subtitle
      </div>
      <div
        className="mdc-layout-grid__cell"
      >
        null
      </div>
      <div
        className="mdc-layout-grid__cell"
      >
        string
      </div>
    </div>
    <div
      className="mdc-layout-grid__inner"
      style={
        Object {
          "borderBottom": "solid black 1px",
          "marginBottom": "16px",
          "paddingTop": "5px",
        }
      }
    >
      <div
        className="mdc-layout-grid__cell"
      >
        largeTitle
      </div>
      <div
        className="mdc-layout-grid__cell"
      >
        false
      </div>
      <div
        className="mdc-layout-grid__cell"
      >
        bool
      </div>
    </div>
    <div
      className="mdc-layout-grid__inner"
      style={
        Object {
          "borderBottom": "solid black 1px",
          "marginBottom": "16px",
          "paddingTop": "5px",
        }
      }
    >
      <div
        className="mdc-layout-grid__cell"
      >
        isTitlingSecond
      </div>
      <div
        className="mdc-layout-grid__cell"
      >
        false
      </div>
      <div
        className="mdc-layout-grid__cell"
      >
        bool
      </div>
    </div>
  </div>,
]
`;
